Calculating task graph as no cached configuration is available for tasks: clean
> Task :app:clean UP-TO-DATE

BUILD SUCCESSFUL in 5s
1 actionable task: 1 up-to-date
Configuration cache entry stored.
Calculating task graph as no cached configuration is available for tasks: assembleRelease
> Task :app:generateReleaseAssets UP-TO-DATE
> Task :app:preBuild UP-TO-DATE
> Task :app:preReleaseBuild UP-TO-DATE
> Task :app:mergeReleaseStartupProfile
> Task :app:desugarReleaseFileDependencies
> Task :app:createReleaseCompatibleScreenManifests
> Task :app:javaPreCompileRelease
> Task :app:processReleaseGoogleServices
> Task :app:extractProguardFiles
> Task :app:mergeReleaseJniLibFolders
> Task :app:extractDeepLinksRelease
> Task :app:extractReleaseVersionControlInfo
> Task :app:validateSigningRelease
> Task :app:generateReleaseBuildConfig
> Task :app:mergeReleaseAssets
> Task :app:mergeReleaseNativeLibs NO-SOURCE
> Task :app:stripReleaseDebugSymbols NO-SOURCE
> Task :app:extractReleaseNativeSymbolTables NO-SOURCE
> Task :app:mapReleaseSourceSetPaths
> Task :app:mergeReleaseNativeDebugMetadata NO-SOURCE
> Task :app:writeReleaseAppMetadata
> Task :app:writeReleaseSigningConfigVersions
> Task :app:compressReleaseAssets
> Task :app:generateReleaseResources
> Task :app:mergeReleaseArtProfile
> Task :app:processReleaseNavigationResources
> Task :app:compileReleaseNavigationResources
> Task :app:checkReleaseAarMetadata
> Task :app:processReleaseMainManifest
> Task :app:checkReleaseDuplicateClasses
> Task :app:processReleaseManifest
> Task :app:processReleaseManifestForPackage
> Task :app:collectReleaseDependencies
> Task :app:packageReleaseResources
> Task :app:sdkReleaseDependencyData
> Task :app:parseReleaseLocalResources
> Task :app:generateReleaseRFile
> Task :app:mergeReleaseResources
> Task :app:processReleaseResources
> Task :app:optimizeReleaseResources
> Task :app:mergeExtDexRelease

> Task :app:compileReleaseKotlin
w: file:///C:/Users/Biuro3/Desktop/SalesAPPnew/SalesAPP_ANDROID_PROD_v1_35_GROUPS_FIX/app/src/main/java/com/example/salesapp/MainActivity.kt:157:16 'var statusBarColor: Int' is deprecated. Deprecated in Java.
w: file:///C:/Users/Biuro3/Desktop/SalesAPPnew/SalesAPP_ANDROID_PROD_v1_35_GROUPS_FIX/app/src/main/java/com/example/salesapp/MainActivity.kt:158:16 'var navigationBarColor: Int' is deprecated. Deprecated in Java.
w: file:///C:/Users/Biuro3/Desktop/SalesAPPnew/SalesAPP_ANDROID_PROD_v1_35_GROUPS_FIX/app/src/main/java/com/example/salesapp/MainActivity.kt:1375:37 'constructor(p0: String!, p1: String!): Locale' is deprecated. Deprecated in Java.
w: file:///C:/Users/Biuro3/Desktop/SalesAPPnew/SalesAPP_ANDROID_PROD_v1_35_GROUPS_FIX/app/src/main/java/com/example/salesapp/MainActivity.kt:1378:40 'constructor(p0: String!, p1: String!): Locale' is deprecated. Deprecated in Java.
w: file:///C:/Users/Biuro3/Desktop/SalesAPPnew/SalesAPP_ANDROID_PROD_v1_35_GROUPS_FIX/app/src/main/java/com/example/salesapp/MainActivity.kt:2016:54 'constructor(p0: String!, p1: String!): Locale' is deprecated. Deprecated in Java.
w: file:///C:/Users/Biuro3/Desktop/SalesAPPnew/SalesAPP_ANDROID_PROD_v1_35_GROUPS_FIX/app/src/main/java/com/example/salesapp/MainActivity.kt:2017:30 'constructor(p0: String!, p1: String!): Locale' is deprecated. Deprecated in Java.
w: file:///C:/Users/Biuro3/Desktop/SalesAPPnew/SalesAPP_ANDROID_PROD_v1_35_GROUPS_FIX/app/src/main/java/com/example/salesapp/MainActivity.kt:7218:44 'constructor(p0: String!, p1: String!): Locale' is deprecated. Deprecated in Java.

> Task :app:processReleaseJavaRes
> Task :app:mergeReleaseJavaResource
> Task :app:compileReleaseJavaWithJavac
> Task :app:generateReleaseLintVitalReportModel
> Task :app:dexBuilderRelease
> Task :app:mergeReleaseGlobalSynthetics
> Task :app:mergeDexRelease
> Task :app:compileReleaseArtProfile
> Task :app:lintVitalAnalyzeRelease
> Task :app:lintVitalReportRelease
> Task :app:lintVitalRelease
> Task :app:packageRelease
> Task :app:assembleRelease
> Task :app:createReleaseApkListingFileRedirect

BUILD SUCCESSFUL in 33s
48 actionable tasks: 48 executed
Configuration cache entry stored.
